This is pdfTeX, Version 3.141592653-2.6-1.40.28 (MiKTeX 25.12) (preloaded format=pdflatex 2026.9.1)  6 SEP 2026 17:49
entering extended mode
 restricted \write18 enabled.
 %&-line parsing enabled.
**./madad_plus_blueprint_reconciliation.tex
(madad_plus_blueprint_reconciliation.tex
LaTeX2e <2025-11-01>
L3 programming layer <2025-12-24>

(C:\Users\Zain Ul Ibad\AppData\Local\Programs\MiKTeX\tex/latex/base\article.cls
Document Class: article 2025/01/22 v1.4n Standard LaTeX document class
(C:\Users\Zain Ul Ibad\AppData\Local\Programs\MiKTeX\tex/latex/base\size11.clo
File: size11.clo 2025/01/22 v1.4n Standard LaTeX file (size option)
)
\c@part=\count275
\c@section=\count276
\c@subsection=\count277
\c@subsubsection=\count278
\c@paragraph=\count279
\c@subparagraph=\count280
\c@figure=\count281
\c@table=\count282
\abovecaptionskip=\skip49
\belowcaptionskip=\skip50
\bibindent=\dimen148
)
(C:\Users\Zain Ul Ibad\AppData\Local\Programs\MiKTeX\tex/latex/base\fontenc.sty
Package: fontenc 2025/07/18 v2.1d Standard LaTeX package
)
(C:\Users\Zain Ul Ibad\AppData\Local\Programs\MiKTeX\tex/latex/base\inputenc.st
y
Package: inputenc 2024/02/08 v1.3d Input encoding file
\inpenc@prehook=\toks17
\inpenc@posthook=\toks18
)
(C:\Users\Zain Ul Ibad\AppData\Local\Programs\MiKTeX\tex/latex/lm\lmodern.sty
Package: lmodern 2015/05/01 v1.6.1 Latin Modern Fonts
LaTeX Font Info:    Overwriting symbol font `operators' in version `normal'
(Font)                  OT1/cmr/m/n --> OT1/lmr/m/n on input line 22.
LaTeX Font Info:    Overwriting symbol font `letters' in version `normal'
(Font)                  OML/cmm/m/it --> OML/lmm/m/it on input line 23.
LaTeX Font Info:    Overwriting symbol font `symbols' in version `normal'
(Font)                  OMS/cmsy/m/n --> OMS/lmsy/m/n on input line 24.
LaTeX Font Info:    Overwriting symbol font `largesymbols' in version `normal'
(Font)                  OMX/cmex/m/n --> OMX/lmex/m/n on input line 25.
LaTeX Font Info:    Overwriting symbol font `operators' in version `bold'
(Font)                  OT1/cmr/bx/n --> OT1/lmr/bx/n on input line 26.
LaTeX Font Info:    Overwriting symbol font `letters' in version `bold'
(Font)                  OML/cmm/b/it --> OML/lmm/b/it on input line 27.
LaTeX Font Info:    Overwriting symbol font `symbols' in version `bold'
(Font)                  OMS/cmsy/b/n --> OMS/lmsy/b/n on input line 28.
LaTeX Font Info:    Overwriting symbol font `largesymbols' in version `bold'
(Font)                  OMX/cmex/m/n --> OMX/lmex/m/n on input line 29.
LaTeX Font Info:    Overwriting math alphabet `\mathbf' in version `normal'
(Font)                  OT1/cmr/bx/n --> OT1/lmr/bx/n on input line 31.
LaTeX Font Info:    Overwriting math alphabet `\mathsf' in version `normal'
(Font)                  OT1/cmss/m/n --> OT1/lmss/m/n on input line 32.
LaTeX Font Info:    Overwriting math alphabet `\mathit' in version `normal'
(Font)                  OT1/cmr/m/it --> OT1/lmr/m/it on input line 33.
LaTeX Font Info:    Overwriting math alphabet `\mathtt' in version `normal'
(Font)                  OT1/cmtt/m/n --> OT1/lmtt/m/n on input line 34.
LaTeX Font Info:    Overwriting math alphabet `\mathbf' in version `bold'
(Font)                  OT1/cmr/bx/n --> OT1/lmr/bx/n on input line 35.
LaTeX Font Info:    Overwriting math alphabet `\mathsf' in version `bold'
(Font)                  OT1/cmss/bx/n --> OT1/lmss/bx/n on input line 36.
LaTeX Font Info:    Overwriting math alphabet `\mathit' in version `bold'
(Font)                  OT1/cmr/bx/it --> OT1/lmr/bx/it on input line 37.
LaTeX Font Info:    Overwriting math alphabet `\mathtt' in version `bold'
(Font)                  OT1/cmtt/m/n --> OT1/lmtt/m/n on input line 38.
)
(C:\Users\Zain Ul Ibad\AppData\Local\Programs\MiKTeX\tex/latex/microtype\microt
ype.sty
Package: microtype 2026/03/01 v3.2d Micro-typographical refinements (RS)

(C:\Users\Zain Ul Ibad\AppData\Local\Programs\MiKTeX\tex/latex/graphics\keyval.
sty
Package: keyval 2022/05/29 v1.15 key=value parser (DPC)
\KV@toks@=\toks19
)
(C:\Users\Zain Ul Ibad\AppData\Local\Programs\MiKTeX\tex/latex/etoolbox\etoolbo
x.sty
Package: etoolbox 2025/10/02 v2.5m e-TeX tools for LaTeX (JAW)
\etb@tempcnta=\count283
)
\MT@toks=\toks20
\MT@tempbox=\box53
\MT@count=\count284
LaTeX Info: Redefining \noprotrusionifhmode on input line 1084.
LaTeX Info: Redefining \leftprotrusion on input line 1085.
\MT@prot@toks=\toks21
LaTeX Info: Redefining \rightprotrusion on input line 1104.
LaTeX Info: Redefining \textls on input line 1449.
\MT@outer@kern=\dimen149
LaTeX Info: Redefining \microtypecontext on input line 2053.
LaTeX Info: Redefining \textmicrotypecontext on input line 2070.
\MT@listname@count=\count285

(C:\Users\Zain Ul Ibad\AppData\Local\Programs\MiKTeX\tex/latex/microtype\microt
ype-pdftex.def
File: microtype-pdftex.def 2026/03/01 v3.2d Definitions specific to pdftex (RS)

LaTeX Info: Redefining \lsstyle on input line 944.
LaTeX Info: Redefining \lslig on input line 944.
\MT@outer@space=\skip51
)
Package microtype Info: Loading configuration file microtype.cfg.

(C:\Users\Zain Ul Ibad\AppData\Local\Programs\MiKTeX\tex/latex/microtype\microt
ype.cfg
File: microtype.cfg 2026/03/01 v3.2d microtype main configuration file (RS)
)
LaTeX Info: Redefining \microtypesetup on input line 3065.
)
(C:\Users\Zain Ul Ibad\AppData\Local\Programs\MiKTeX\tex/latex/geometry\geometr
y.sty
Package: geometry 2026/03/07 v6.0 Page Geometry

(C:\Users\Zain Ul Ibad\AppData\Local\Programs\MiKTeX\tex/generic/iftex\ifvtex.s
ty
Package: ifvtex 2019/10/25 v1.7 ifvtex legacy package. Use iftex instead.

(C:\Users\Zain Ul Ibad\AppData\Local\Programs\MiKTeX\tex/generic/iftex\iftex.st
y
Package: iftex 2024/12/12 v1.0g TeX engine tests
))
\Gm@cnth=\count286
\Gm@cntv=\count287
\c@Gm@tempcnt=\count288
\Gm@bindingoffset=\dimen150
\Gm@wd@mp=\dimen151
\Gm@odd@mp=\dimen152
\Gm@even@mp=\dimen153
\Gm@layoutwidth=\dimen154
\Gm@layoutheight=\dimen155
\Gm@layouthoffset=\dimen156
\Gm@layoutvoffset=\dimen157
\Gm@dimlist=\toks22

(C:\Users\Zain Ul Ibad\AppData\Local\Programs\MiKTeX\tex/latex/geometry\geometr
y.cfg))
(C:\Users\Zain Ul Ibad\AppData\Local\Programs\MiKTeX\tex/latex/setspace\setspac
e.sty
Package: setspace 2022/12/04 v6.7b set line spacing
)
(C:\Users\Zain Ul Ibad\AppData\Local\Programs\MiKTeX\tex/latex/parskip\parskip.
sty
Package: parskip 2021-03-14 v2.0h non-zero parskip adjustments

(C:\Users\Zain Ul Ibad\AppData\Local\Programs\MiKTeX\tex/latex/kvoptions\kvopti
ons.sty
Package: kvoptions 2022-06-15 v3.15 Key value format for package options (HO)

(C:\Users\Zain Ul Ibad\AppData\Local\Programs\MiKTeX\tex/generic/ltxcmds\ltxcmd
s.sty
Package: ltxcmds 2023-12-04 v1.26 LaTeX kernel commands for general use (HO)
)
(C:\Users\Zain Ul Ibad\AppData\Local\Programs\MiKTeX\tex/latex/kvsetkeys\kvsetk
eys.sty
Package: kvsetkeys 2022-10-05 v1.19 Key value parser (HO)
)))
(C:\Users\Zain Ul Ibad\AppData\Local\Programs\MiKTeX\tex/latex/enumitem\enumite
m.sty
Package: enumitem 2025/02/06 v3.11 Customized lists
\labelindent=\skip52
\enit@outerparindent=\dimen158
\enit@toks=\toks23
\enit@inbox=\box54
\enit@count@id=\count289
\enitdp@description=\count290
)
(C:\Users\Zain Ul Ibad\AppData\Local\Programs\MiKTeX\tex/latex/booktabs\booktab
s.sty
Package: booktabs 2020/01/12 v1.61803398 Publication quality tables
\heavyrulewidth=\dimen159
\lightrulewidth=\dimen160
\cmidrulewidth=\dimen161
\belowrulesep=\dimen162
\belowbottomsep=\dimen163
\aboverulesep=\dimen164
\abovetopsep=\dimen165
\cmidrulesep=\dimen166
\cmidrulekern=\dimen167
\defaultaddspace=\dimen168
\@cmidla=\count291
\@cmidlb=\count292
\@aboverulesep=\dimen169
\@belowrulesep=\dimen170
\@thisruleclass=\count293
\@lastruleclass=\count294
\@thisrulewidth=\dimen171
)
(C:\Users\Zain Ul Ibad\AppData\Local\Programs\MiKTeX\tex/latex/tools\longtable.
sty
Package: longtable 2025-10-13 v4.24 Multi-page Table package (DPC)
\LTleft=\skip53
\LTright=\skip54
\LTpre=\skip55
\LTpost=\skip56
\LTchunksize=\count295
\LTcapwidth=\dimen172
\LT@head=\box55
\LT@firsthead=\box56
\LT@foot=\box57
\LT@lastfoot=\box58
\LT@gbox=\box59
\LT@cols=\count296
\LT@rows=\count297
\c@LT@tables=\count298
\c@LT@chunks=\count299
\LT@p@ftn=\toks24
)
(C:\Users\Zain Ul Ibad\AppData\Local\Programs\MiKTeX\tex/latex/tools\array.sty
Package: array 2025/09/25 v2.6n Tabular extension package (FMi)
\col@sep=\dimen173
\ar@mcellbox=\box60
\extrarowheight=\dimen174
\NC@list=\toks25
\extratabsurround=\skip57
\backup@length=\skip58
\ar@cellbox=\box61
)
(C:\Users\Zain Ul Ibad\AppData\Local\Programs\MiKTeX\tex/latex/xcolor\xcolor.st
y
Package: xcolor 2024/09/29 v3.02 LaTeX color extensions (UK)

(C:\Users\Zain Ul Ibad\AppData\Local\Programs\MiKTeX\tex/latex/graphics-cfg\col
or.cfg
File: color.cfg 2016/01/02 v1.6 sample color configuration
)
Package xcolor Info: Driver file: pdftex.def on input line 274.

(C:\Users\Zain Ul Ibad\AppData\Local\Programs\MiKTeX\tex/latex/graphics-def\pdf
tex.def
File: pdftex.def 2025/09/29 v1.2d Graphics/color driver for pdftex
)
(C:\Users\Zain Ul Ibad\AppData\Local\Programs\MiKTeX\tex/latex/graphics\mathcol
or.ltx)
Package xcolor Info: Model `cmy' substituted by `cmy0' on input line 1349.
Package xcolor Info: Model `hsb' substituted by `rgb' on input line 1353.
Package xcolor Info: Model `RGB' extended on input line 1365.
Package xcolor Info: Model `HTML' substituted by `rgb' on input line 1367.
Package xcolor Info: Model `Hsb' substituted by `hsb' on input line 1368.
Package xcolor Info: Model `tHsb' substituted by `hsb' on input line 1369.
Package xcolor Info: Model `HSB' substituted by `hsb' on input line 1370.
Package xcolor Info: Model `Gray' substituted by `gray' on input line 1371.
Package xcolor Info: Model `wave' substituted by `hsb' on input line 1372.
)
(C:\Users\Zain Ul Ibad\AppData\Local\Programs\MiKTeX\tex/latex/fancyhdr\fancyhd
r.sty
Package: fancyhdr 2025/02/07 v5.2 Extensive control of page headers and footers

\f@nch@headwidth=\skip59
\f@nch@offset@elh=\skip60
\f@nch@offset@erh=\skip61
\f@nch@offset@olh=\skip62
\f@nch@offset@orh=\skip63
\f@nch@offset@elf=\skip64
\f@nch@offset@erf=\skip65
\f@nch@offset@olf=\skip66
\f@nch@offset@orf=\skip67
\f@nch@height=\skip68
\f@nch@footalignment=\skip69
\f@nch@widthL=\skip70
\f@nch@widthC=\skip71
\f@nch@widthR=\skip72
\@temptokenb=\toks26
)
(C:\Users\Zain Ul Ibad\AppData\Local\Programs\MiKTeX\tex/latex/titlesec\titlese
c.sty
Package: titlesec 2025/01/04 v2.17 Sectioning titles
\ttl@box=\box62
\beforetitleunit=\skip73
\aftertitleunit=\skip74
\ttl@plus=\dimen175
\ttl@minus=\dimen176
\ttl@toksa=\toks27
\titlewidth=\dimen177
\titlewidthlast=\dimen178
\titlewidthfirst=\dimen179
)
(C:\Users\Zain Ul Ibad\AppData\Local\Programs\MiKTeX\tex/latex/hyperref\hyperre
f.sty
Package: hyperref 2025-07-12 v7.01o Hypertext links for LaTeX

(C:\Users\Zain Ul Ibad\AppData\Local\Programs\MiKTeX\tex/generic/kvdefinekeys\k
vdefinekeys.sty
Package: kvdefinekeys 2019-12-19 v1.6 Define keys (HO)
)
(C:\Users\Zain Ul Ibad\AppData\Local\Programs\MiKTeX\tex/generic/pdfescape\pdfe
scape.sty
Package: pdfescape 2019/12/09 v1.15 Implements pdfTeX's escape features (HO)

(C:\Users\Zain Ul Ibad\AppData\Local\Programs\MiKTeX\tex/generic/pdftexcmds\pdf
texcmds.sty
Package: pdftexcmds 2020-06-27 v0.33 Utility functions of pdfTeX for LuaTeX (HO
)

(C:\Users\Zain Ul Ibad\AppData\Local\Programs\MiKTeX\tex/generic/infwarerr\infw
arerr.sty
Package: infwarerr 2019/12/03 v1.5 Providing info/warning/error messages (HO)
)
Package pdftexcmds Info: \pdf@primitive is available.
Package pdftexcmds Info: \pdf@ifprimitive is available.
Package pdftexcmds Info: \pdfdraftmode found.
))
(C:\Users\Zain Ul Ibad\AppData\Local\Programs\MiKTeX\tex/latex/hycolor\hycolor.
sty
Package: hycolor 2020-01-27 v1.10 Color options for hyperref/bookmark (HO)
)
(C:\Users\Zain Ul Ibad\AppData\Local\Programs\MiKTeX\tex/latex/hyperref\nameref
.sty
Package: nameref 2025-06-21 v2.57 Cross-referencing by name of section

(C:\Users\Zain Ul Ibad\AppData\Local\Programs\MiKTeX\tex/latex/refcount\refcoun
t.sty
Package: refcount 2019/12/15 v3.6 Data extraction from label references (HO)
)
(C:\Users\Zain Ul Ibad\AppData\Local\Programs\MiKTeX\tex/generic/gettitlestring
\gettitlestring.sty
Package: gettitlestring 2019/12/15 v1.6 Cleanup title references (HO)
)
\c@section@level=\count300
)
(C:\Users\Zain Ul Ibad\AppData\Local\Programs\MiKTeX\tex/generic/stringenc\stri
ngenc.sty
Package: stringenc 2019/11/29 v1.12 Convert strings between diff. encodings (HO
)
)
\@linkdim=\dimen180
\Hy@linkcounter=\count301
\Hy@pagecounter=\count302

(C:\Users\Zain Ul Ibad\AppData\Local\Programs\MiKTeX\tex/latex/hyperref\pd1enc.
def
File: pd1enc.def 2025-07-12 v7.01o Hyperref: PDFDocEncoding definition (HO)
Now handling font encoding PD1 ...
... no UTF-8 mapping file for font encoding PD1
)
(C:\Users\Zain Ul Ibad\AppData\Local\Programs\MiKTeX\tex/generic/intcalc\intcal
c.sty
Package: intcalc 2019/12/15 v1.3 Expandable calculations with integers (HO)
)
\Hy@SavedSpaceFactor=\count303

(C:\Users\Zain Ul Ibad\AppData\Local\Programs\MiKTeX\tex/latex/hyperref\puenc.d
ef
File: puenc.def 2025-07-12 v7.01o Hyperref: PDF Unicode definition (HO)
Now handling font encoding PU ...
... no UTF-8 mapping file for font encoding PU
)
Package hyperref Info: Hyper figures OFF on input line 4195.
Package hyperref Info: Link nesting OFF on input line 4200.
Package hyperref Info: Hyper index ON on input line 4203.
Package hyperref Info: Plain pages OFF on input line 4210.
Package hyperref Info: Backreferencing OFF on input line 4215.
Package hyperref Info: Implicit mode ON; LaTeX internals redefined.
Package hyperref Info: Bookmarks ON on input line 4462.
\c@Hy@tempcnt=\count304
 (C:\Users\Zain Ul Ibad\AppData\Local\Programs\MiKTeX\tex/latex/url\url.sty
\Urlmuskip=\muskip17
Package: url 2013/09/16  ver 3.4  Verb mode for urls, etc.
)
LaTeX Info: Redefining \url on input line 4801.
\XeTeXLinkMargin=\dimen181

(C:\Users\Zain Ul Ibad\AppData\Local\Programs\MiKTeX\tex/generic/bitset\bitset.
sty
Package: bitset 2019/12/09 v1.3 Handle bit-vector datatype (HO)

(C:\Users\Zain Ul Ibad\AppData\Local\Programs\MiKTeX\tex/generic/bigintcalc\big
intcalc.sty
Package: bigintcalc 2019/12/15 v1.5 Expandable calculations on big integers (HO
)
))
\Fld@menulength=\count305
\Field@Width=\dimen182
\Fld@charsize=\dimen183
Package hyperref Info: Hyper figures OFF on input line 6078.
Package hyperref Info: Link nesting OFF on input line 6083.
Package hyperref Info: Hyper index ON on input line 6086.
Package hyperref Info: backreferencing OFF on input line 6093.
Package hyperref Info: Link coloring OFF on input line 6098.
Package hyperref Info: Link coloring with OCG OFF on input line 6103.
Package hyperref Info: PDF/A mode OFF on input line 6108.
\Hy@abspage=\count306
\c@Item=\count307
\c@Hfootnote=\count308
)
Package hyperref Info: Driver (autodetected): hpdftex.

(C:\Users\Zain Ul Ibad\AppData\Local\Programs\MiKTeX\tex/latex/hyperref\hpdftex
.def
File: hpdftex.def 2025-07-12 v7.01o Hyperref driver for pdfTeX
\Fld@listcount=\count309
\c@bookmark@seq@number=\count310

(C:\Users\Zain Ul Ibad\AppData\Local\Programs\MiKTeX\tex/latex/rerunfilecheck\r
erunfilecheck.sty
Package: rerunfilecheck 2025-06-21 v1.11 Rerun checks for auxiliary files (HO)

(C:\Users\Zain Ul Ibad\AppData\Local\Programs\MiKTeX\tex/generic/uniquecounter\
uniquecounter.sty
Package: uniquecounter 2019/12/15 v1.4 Provide unlimited unique counter (HO)
)
Package uniquecounter Info: New unique counter `rerunfilecheck' on input line 2
84.
)
\Hy@SectionHShift=\skip75
)
(C:\Users\Zain Ul Ibad\AppData\Local\Programs\MiKTeX\tex/latex/xurl\xurl.sty
Package: xurl 2022/01/09 v 0.10 modify URL breaks
)
Package hyperref Info: Option `colorlinks' set `true' on input line 32.
LaTeX Font Info:    Trying to load font information for T1+lmr on input line 53
.

(C:\Users\Zain Ul Ibad\AppData\Local\Programs\MiKTeX\tex/latex/lm\t1lmr.fd
File: t1lmr.fd 2015/05/01 v1.6.1 Font defs for Latin Modern
)
(C:\Users\Zain Ul Ibad\AppData\Local\Programs\MiKTeX\tex/latex/l3backend\l3back
end-pdftex.def
File: l3backend-pdftex.def 2025-10-09 L3 backend support: PDF output (pdfTeX)
\l__color_backend_stack_int=\count311
) (madad_plus_blueprint_reconciliation.aux)
\openout1 = `madad_plus_blueprint_reconciliation.aux'.

LaTeX Font Info:    Checking defaults for OML/cmm/m/it on input line 53.
LaTeX Font Info:    ... okay on input line 53.
LaTeX Font Info:    Checking defaults for OMS/cmsy/m/n on input line 53.
LaTeX Font Info:    ... okay on input line 53.
LaTeX Font Info:    Checking defaults for OT1/cmr/m/n on input line 53.
LaTeX Font Info:    ... okay on input line 53.
LaTeX Font Info:    Checking defaults for T1/cmr/m/n on input line 53.
LaTeX Font Info:    ... okay on input line 53.
LaTeX Font Info:    Checking defaults for TS1/cmr/m/n on input line 53.
LaTeX Font Info:    ... okay on input line 53.
LaTeX Font Info:    Checking defaults for OMX/cmex/m/n on input line 53.
LaTeX Font Info:    ... okay on input line 53.
LaTeX Font Info:    Checking defaults for U/cmr/m/n on input line 53.
LaTeX Font Info:    ... okay on input line 53.
LaTeX Font Info:    Checking defaults for PD1/pdf/m/n on input line 53.
LaTeX Font Info:    ... okay on input line 53.
LaTeX Font Info:    Checking defaults for PU/pdf/m/n on input line 53.
LaTeX Font Info:    ... okay on input line 53.
LaTeX Info: Redefining \microtypecontext on input line 53.
Package microtype Info: Applying patch `item' on input line 53.
Package microtype Info: Applying patch `toc' on input line 53.
Package microtype Info: Applying patch `eqnum' on input line 53.
Package microtype Info: Applying patch `footnote' on input line 53.
Package microtype Info: Applying patch `verbatim' on input line 53.
LaTeX Info: Redefining \microtypesetup on input line 53.
Package microtype Info: Generating PDF output.
Package microtype Info: Character protrusion enabled (level 2).
Package microtype Info: Using default protrusion set `alltext'.
Package microtype Info: Automatic font expansion enabled (level 2),
(microtype)             stretch: 20, shrink: 20, step: 1, non-selected.
Package microtype Info: Using default expansion set `alltext-nott'.
Package microtype Info: Patching command `\showhyphens'.
Package microtype Info: No adjustment of tracking.
Package microtype Info: No adjustment of interword spacing.
Package microtype Info: No adjustment of character kerning.

(C:\Users\Zain Ul Ibad\AppData\Local\Programs\MiKTeX\tex/latex/microtype\mt-cmr
.cfg
File: mt-cmr.cfg 2013/05/19 v2.2 microtype config. file: Computer Modern Roman 
(RS)
)
*geometry* driver: auto-detecting
*geometry* detected driver: pdftex
*geometry* verbose mode - [ preamble ] result:
* driver: pdftex
* paper: a4paper
* layout: <same size as paper>
* layoutoffset:(h,v)=(0.0pt,0.0pt)
* modes: 
* h-part:(L,W,R)=(72.26999pt, 452.9679pt, 72.26999pt)
* v-part:(T,H,B)=(72.26999pt, 700.50687pt, 72.26999pt)
* \paperwidth=597.50787pt
* \paperheight=845.04684pt
* \textwidth=452.9679pt
* \textheight=700.50687pt
* \oddsidemargin=0.0pt
* \evensidemargin=0.0pt
* \topmargin=-37.0pt
* \headheight=14.0pt
* \headsep=25.0pt
* \topskip=11.0pt
* \footskip=30.0pt
* \marginparwidth=50.0pt
* \marginparsep=10.0pt
* \columnsep=10.0pt
* \skip\footins=10.0pt plus 4.0pt minus 2.0pt
* \hoffset=0.0pt
* \voffset=0.0pt
* \mag=1000
* \@twocolumnfalse
* \@twosidefalse
* \@mparswitchfalse
* \@reversemarginfalse
* (1in=72.27pt=25.4mm, 1cm=28.453pt)


(C:\Users\Zain Ul Ibad\AppData\Local\Programs\MiKTeX\tex/context/base/mkii\supp
-pdf.mkii
[Loading MPS to PDF converter (version 2006.09.02).]
\scratchcounter=\count312
\scratchdimen=\dimen184
\scratchbox=\box63
\nofMPsegments=\count313
\nofMParguments=\count314
\everyMPshowfont=\toks28
\MPscratchCnt=\count315
\MPscratchDim=\dimen185
\MPnumerator=\count316
\makeMPintoPDFobject=\count317
\everyMPtoPDFconversion=\toks29
)
Package hyperref Info: Link coloring ON on input line 53.
 (madad_plus_blueprint_reconciliation.out)
(madad_plus_blueprint_reconciliation.out)
\@outlinefile=\write3
\openout3 = `madad_plus_blueprint_reconciliation.out'.

LaTeX Font Info:    Trying to load font information for TS1+lmr on input line 5
8.

(C:\Users\Zain Ul Ibad\AppData\Local\Programs\MiKTeX\tex/latex/lm\ts1lmr.fd
File: ts1lmr.fd 2015/05/01 v1.6.1 Font defs for Latin Modern
)
LaTeX Font Info:    Trying to load font information for T1+lmtt on input line 6
0.

(C:\Users\Zain Ul Ibad\AppData\Local\Programs\MiKTeX\tex/latex/lm\t1lmtt.fd
File: t1lmtt.fd 2015/05/01 v1.6.1 Font defs for Latin Modern
)
Package microtype Info: Loading generic protrusion settings for font family
(microtype)             `lmtt' (encoding: T1).
(microtype)             For optimal results, create family-specific settings.
(microtype)             See the microtype manual for details.

Underfull \hbox (badness 10000) in paragraph at lines 73--73
[]|\T1/lmr/bx/n/10 (+20) Supervisor notes
 []


Underfull \hbox (badness 10000) in paragraph at lines 76--76
[]|\T1/lmr/m/n/10 (+20) Ambulance
 []


Underfull \hbox (badness 10000) in paragraph at lines 76--76
\T1/lmr/m/n/10 (+20) re-quest
 []


Underfull \hbox (badness 2790) in paragraph at lines 76--77
\T1/lmtt/m/n/10 source = manual \T1/lmr/m/n/10 (+20) through
 []


Underfull \hbox (badness 5119) in paragraph at lines 78--78
\T1/lmr/m/n/10 (+20) MOU: par-tic-i-pat-ing orgs
 []


Underfull \hbox (badness 10000) in paragraph at lines 80--80
[]|\T1/lmr/m/n/10 (+20) Ambulance
 []


Underfull \hbox (badness 10000) in paragraph at lines 80--80
\T1/lmr/m/n/10 (+20) se-lec-tion
 []


Underfull \hbox (badness 10000) in paragraph at lines 80--81
\T1/lmr/m/n/10 (+20) filtered choice ap-pears
 []


Underfull \hbox (badness 6364) in paragraph at lines 80--81
\T1/lmr/m/n/10 (+20) marked non-urgent, and
 []


Underfull \hbox (badness 10000) in paragraph at lines 82--82
[]|\T1/lmr/m/n/10 (+20) Admin/
 []


Underfull \hbox (badness 10000) in paragraph at lines 82--82
\T1/lmr/m/n/10 (+20) dispatcher
 []


Underfull \hbox (badness 10000) in paragraph at lines 84--84
[]|\T1/lmr/m/n/10 (+20) Emergency
 []


Underfull \hbox (badness 1701) in paragraph at lines 84--84
\T1/lmr/m/n/10 (+20) gency types (fire, po-lice)
 []


Underfull \hbox (badness 10000) in paragraph at lines 84--84
[]|\T1/lmr/m/n/10 (+20) Notes ex-plic-itly con-firm:
 []


Underfull \hbox (badness 1681) in paragraph at lines 84--84
\T1/lmr/m/n/10 (+20) fuller FYP scope, be-fore
 []


Underfull \hbox (badness 2050) in paragraph at lines 84--85
[]|\T1/lmr/m/n/10 (+20) Fire brigade moves from
 []


Underfull \hbox (badness 10000) in paragraph at lines 84--85
\T1/lmr/m/n/10 (+20) ``post-FYP fu-ture'' into
 []


Underfull \hbox (badness 10000) in paragraph at lines 84--85
\T1/lmr/m/n/10 (+20) is un-changed from the
 []


Underfull \hbox (badness 10000) in paragraph at lines 86--86
\T1/lmr/m/n/10 (+20) emer-gency
 []


Underfull \hbox (badness 10000) in paragraph at lines 86--86
[]|\T1/lmr/m/n/10 (+20) Part 1's recommended-
 []


Underfull \hbox (badness 3168) in paragraph at lines 86--86
\T1/lmr/m/n/10 (+20) improvements list groups
 []


Underfull \hbox (badness 10000) in paragraph at lines 86--86
[]|\T1/lmr/m/n/10 (+20) Notes pro-mote fire
 []


Underfull \hbox (badness 7451) in paragraph at lines 86--86
\T1/lmr/m/n/10 (+20) brigade to its own re-
 []


Underfull \hbox (badness 10000) in paragraph at lines 86--86
\T1/lmr/m/n/10 (+20) source/organization type,
 []


Underfull \hbox (badness 10000) in paragraph at lines 86--87
\T1/lmr/m/n/10 (+20) diac, ac-ci-dent, gen-eral)
 []


Underfull \hbox (badness 10000) in paragraph at lines 86--87
\T1/lmtt/m/n/10 Organization\T1/lmr/m/n/10 (+20) /\T1/lmtt/m/n/10 Resource
 []


Underfull \hbox (badness 2762) in paragraph at lines 88--88
[]|\T1/lmr/m/n/10 (+20) Part 1: ``uses syn-thetic
 []


Underfull \hbox (badness 1348) in paragraph at lines 88--88
\T1/lmr/m/n/10 (+20) data specif-i-cally un-til ex-
 []


Underfull \hbox (badness 2503) in paragraph at lines 88--89
\T1/lmr/m/n/10 (+20) 15) is the for-mal cut-off.
 []


Underfull \hbox (badness 10000) in paragraph at lines 90--90
[]|\T1/lmr/m/n/10 (+20) Timeline /
 []


Underfull \hbox (badness 3179) in paragraph at lines 90--90
[]|\T1/lmr/m/n/10 (+20) Notes add four con-crete
 []


Underfull \hbox (badness 6927) in paragraph at lines 90--90
\T1/lmr/m/n/10 (+20) check-points: MVP end
 []

ignored error: Infinite glue shrinkage found in box being split [1{C:/Users/Zai
n Ul Ibad/AppData/Local/MiKTeX/fonts/map/pdftex/pdftex.map}{C:/Users/Zain Ul Ib
ad/AppData/Local/Programs/MiKTeX/fonts/enc/dvips/lm/lm-ec.enc}

{C:/Users/Zain Ul Ibad/AppData/Local/Programs/MiKTeX/fonts/enc/dvips/lm/lm-ts1.
enc}]
ignored error: Infinite glue shrinkage found in box being split [2]
LaTeX Font Info:    Trying to load font information for OT1+lmr on input line 1
10.

(C:\Users\Zain Ul Ibad\AppData\Local\Programs\MiKTeX\tex/latex/lm\ot1lmr.fd
File: ot1lmr.fd 2015/05/01 v1.6.1 Font defs for Latin Modern
)
LaTeX Font Info:    Trying to load font information for OML+lmm on input line 1
10.

(C:\Users\Zain Ul Ibad\AppData\Local\Programs\MiKTeX\tex/latex/lm\omllmm.fd
File: omllmm.fd 2015/05/01 v1.6.1 Font defs for Latin Modern
)
LaTeX Font Info:    Trying to load font information for OMS+lmsy on input line 
110.

(C:\Users\Zain Ul Ibad\AppData\Local\Programs\MiKTeX\tex/latex/lm\omslmsy.fd
File: omslmsy.fd 2015/05/01 v1.6.1 Font defs for Latin Modern
)
LaTeX Font Info:    Trying to load font information for OMX+lmex on input line 
110.

(C:\Users\Zain Ul Ibad\AppData\Local\Programs\MiKTeX\tex/latex/lm\omxlmex.fd
File: omxlmex.fd 2015/05/01 v1.6.1 Font defs for Latin Modern
)
LaTeX Font Info:    External font `lmex10' loaded for size
(Font)              <10.95> on input line 110.
LaTeX Font Info:    External font `lmex10' loaded for size
(Font)              <8> on input line 110.
LaTeX Font Info:    External font `lmex10' loaded for size
(Font)              <6> on input line 110.

Underfull \hbox (badness 10000) in paragraph at lines 135--136
[]|\T1/lmr/m/n/10.95 (+20) An org dis-patcher can sub-mit caller
 []


Underfull \hbox (badness 1577) in paragraph at lines 135--136
\T1/lmr/m/n/10.95 (+20) a \T1/lmtt/m/n/10.95 ServiceRequest \T1/lmr/m/n/10.95 (
+20) iden-ti-cal in shape to an
 []

[3{C:/Users/Zain Ul Ibad/AppData/Local/Programs/MiKTeX/fonts/enc/dvips/lm/lm-ma
thsy.enc}]
ignored error: Infinite glue shrinkage found in box being split [4]
Underfull \hbox (badness 2073) in paragraph at lines 199--199
[]|\T1/lmr/m/n/10.95 (+20) Fire re-source layer on dis-
 []

ignored error: Infinite glue shrinkage found in box being split [5]
Underfull \hbox (badness 2837) in paragraph at lines 216--216
\T1/lmr/m/n/10.95 (+20) Elec-tri-cian, Car-pen-ter, AC
 []


Underfull \hbox (badness 10000) in paragraph at lines 245--245
[]|\T1/lmr/m/n/10.95 (+20) Multi-language tog-gle
 []

[6]
LaTeX Font Info:    External font `lmex10' loaded for size
(Font)              <12> on input line 270.


Package hyperref Warning: Token not allowed in a PDF string (Unicode):
(hyperref)                removing `math shift' on input line 270.


Package hyperref Warning: Token not allowed in a PDF string (Unicode):
(hyperref)                removing `\rightarrow' on input line 270.


Package hyperref Warning: Token not allowed in a PDF string (Unicode):
(hyperref)                removing `math shift' on input line 270.

[7] [8]
Underfull \hbox (badness 10000) in paragraph at lines 339--339
[]|\T1/lmr/m/n/10 (+20) PostgreSQL +
 []


Underfull \hbox (badness 10000) in paragraph at lines 339--340
[]|\T1/lmtt/m/n/10 ServiceRequest \T1/lmr/m/n/10 (+20) needs \T1/lmtt/m/n/10 so
urce \T1/lmr/m/n/10 (+20) (au-to-matic/manual)
 []


Underfull \hbox (badness 10000) in paragraph at lines 339--340
\T1/lmr/m/n/10 (+20) and \T1/lmtt/m/n/10 urgency \T1/lmr/m/n/10 (+20) (ur-gent/
nonUrgent) columns from
 []


Underfull \hbox (badness 6396) in paragraph at lines 339--340
\T1/lmr/m/n/10 (+20) the first mi-gra-tion. \T1/lmtt/m/n/10 Organization\T1/lmr
/m/n/10 (+20) /\T1/lmtt/m/n/10 Resource \T1/lmr/m/n/10 (+20) need
 []


Underfull \hbox (badness 10000) in paragraph at lines 339--340
\T1/lmr/m/n/10 (+20) a generic \T1/lmtt/m/n/10 orgType\T1/lmr/m/n/10 (+20) /\T1
/lmtt/m/n/10 resourceType \T1/lmr/m/n/10 (+20) col-umn and an
 []


Underfull \hbox (badness 3000) in paragraph at lines 339--340
\T1/lmtt/m/n/10 Organization.rating \T1/lmr/m/n/10 (+20) field, be-cause both t
he rating-
 []


Underfull \hbox (badness 10000) in paragraph at lines 341--341
[]|\T1/lmr/m/n/10 (+20) Google Maps
 []


Underfull \hbox (badness 10000) in paragraph at lines 341--341
\T1/lmr/m/n/10 (+20) Plat-form (free
 []


Underfull \hbox (badness 10000) in paragraph at lines 345--345
[]|\T1/lmr/m/n/10 (+20) Confirmed for cus-
 []

[9]
Underfull \hbox (badness 2644) in paragraph at lines 362--362
\T1/lmr/m/n/10 (+20) / fire-Bri-gade), \T1/lmtt/m/n/10 rating\T1/lmr/m/n/10 (+2
0) , \T1/lmtt/m/n/10 contactPhone\T1/lmr/m/n/10 (+20) ,
 []


Underfull \hbox (badness 10000) in paragraph at lines 364--364
\T1/lmr/m/n/10 (+20) (am-bu-lance / fireTruck), \T1/lmtt/m/n/10 status
 []


Underfull \hbox (badness 10000) in paragraph at lines 364--364
\T1/lmr/m/n/10 (+20) (avail-able/busy/offline), \T1/lmtt/m/n/10 currentLat\T1/l
mr/m/n/10 (+20) ,
 []


Underfull \hbox (badness 10000) in paragraph at lines 368--368
[]|\T1/lmtt/m/n/10 requestId\T1/lmr/m/n/10 (+20) , \T1/lmtt/m/n/10 userId \T1/l
mr/m/n/10 (+20) (FK, nul-lable),
 []


Underfull \hbox (badness 10000) in paragraph at lines 368--368
\T1/lmtt/m/n/10 requestType \T1/lmr/m/n/10 (+20) (emer-gency/domestic),
 []


Underfull \hbox (badness 10000) in paragraph at lines 368--368
\T1/lmtt/m/n/10 emergencyResourceType \T1/lmr/m/n/10 (+20) (nul-lable),
 []


Underfull \hbox (badness 10000) in paragraph at lines 368--368
\T1/lmtt/m/n/10 domesticCategory \T1/lmr/m/n/10 (+20) (nul-lable), \T1/lmtt/m/n
/10 source
 []


Underfull \hbox (badness 10000) in paragraph at lines 368--368
\T1/lmtt/m/n/10 status\T1/lmr/m/n/10 (+20) , \T1/lmtt/m/n/10 locationLat\T1/lmr
/m/n/10 (+20) , \T1/lmtt/m/n/10 locationLng\T1/lmr/m/n/10 (+20) ,
 []


Underfull \hbox (badness 2173) in paragraph at lines 368--368
\T1/lmtt/m/n/10 address\T1/lmr/m/n/10 (+20) , \T1/lmtt/m/n/10 submittedByOrgId 
\T1/lmr/m/n/10 (+20) (FK, nul-
 []


Underfull \hbox (badness 10000) in paragraph at lines 370--370
[]|\T1/lmtt/m/n/10 assignmentId\T1/lmr/m/n/10 (+20) , \T1/lmtt/m/n/10 requestId
 \T1/lmr/m/n/10 (+20) (FK),
 []


Underfull \hbox (badness 10000) in paragraph at lines 370--370
\T1/lmtt/m/n/10 failoverFromOrgId \T1/lmr/m/n/10 (+20) (nul-lable),
 []


Underfull \hbox (badness 10000) in paragraph at lines 372--372
[]|\T1/lmtt/m/n/10 ratingId\T1/lmr/m/n/10 (+20) , \T1/lmtt/m/n/10 requestId \T1
/lmr/m/n/10 (+20) (FK),
 []


Underfull \hbox (badness 10000) in paragraph at lines 372--372
\T1/lmtt/m/n/10 ratedEntityId\T1/lmr/m/n/10 (+20) , \T1/lmtt/m/n/10 stars\T1/lm
r/m/n/10 (+20) , \T1/lmtt/m/n/10 comment\T1/lmr/m/n/10 (+20) ,
 []

ignored error: Infinite glue shrinkage found in box being split [10]
Underfull \hbox (badness 1270) in paragraph at lines 388--388
[]|\T1/lmr/m/n/10.95 (+20) Automatic am-bu-lance re-quest
 []


Underfull \hbox (badness 1052) in paragraph at lines 390--391
[]|\T1/lmr/m/n/10.95 (+20) Small ad-di-tion on top of the same
 []


Underfull \hbox (badness 2980) in paragraph at lines 398--398
[]|\T1/lmr/m/n/10.95 (+20) Dispatcher dash-board: map,
 []


Underfull \hbox (badness 10000) in paragraph at lines 404--404
[]|\T1/lmr/m/n/10.95 (+20) Rating-based non-urgent
 []


Underfull \hbox (badness 10000) in paragraph at lines 404--404
\T1/lmr/m/n/10.95 (+20) am-bu-lance se-lec-tion +
 []


Underfull \hbox (badness 10000) in paragraph at lines 404--404
\T1/lmtt/m/n/10.95 Organization.rating \T1/lmr/m/n/10.95 (+20) seed-
 []


Underfull \hbox (badness 10000) in paragraph at lines 412--412
[]|\T1/lmr/m/n/10.95 (+20) Basic ad-min panel (users,
 []


Underfull \hbox (badness 10000) in paragraph at lines 420--420
[]|\T1/lmr/m/n/10.95 (+20) Multi-language tog-gle
 []


Underfull \hbox (badness 6380) in paragraph at lines 424--424
[]|\T1/lmr/m/n/10.95 (+20) Real ambulance/fire-org out-
 []


Underfull \hbox (badness 3428) in paragraph at lines 424--424
[]|\T1/lmr/m/n/10.95 (+20) Beyond ex-ter-
 []


Underfull \hbox (badness 10000) in paragraph at lines 426--426
[]|\T1/lmr/m/n/10.95 (+20) Beyond ex-
 []


Underfull \hbox (badness 5302) in paragraph at lines 426--426
\T1/lmr/m/n/10.95 (+20) ter-nal eval /
 []


Underfull \hbox (badness 5939) in paragraph at lines 426--427
[]|\T1/lmr/m/n/10.95 (+20) Blueprint al-ways flagged these as
 []

ignored error: Infinite glue shrinkage found in box being split [11]
ignored error: Infinite glue shrinkage found in box being split [12]
Underfull \hbox (badness 4001) in paragraph at lines 437--437
[]|\T1/lmr/m/n/10.95 (+20) Liability & ex-pec-ta-
 []


Underfull \hbox (badness 2689) in paragraph at lines 443--443
[]|\T1/lmr/m/n/10.95 (+20) Address ac-cu-racy in
 []


Underfull \hbox (badness 10000) in paragraph at lines 443--443
[]|\T1/lmr/m/n/10.95 (+20) Unchanged,
 []


Underfull \hbox (badness 10000) in paragraph at lines 443--443
\T1/lmr/m/n/10.95 (+20) scope
 []

ignored error: Infinite glue shrinkage found in box being split [13] [14]
(madad_plus_blueprint_reconciliation.aux)
 ***********
LaTeX2e <2025-11-01>
L3 programming layer <2025-12-24>
 ***********
Package rerunfilecheck Info: File `madad_plus_blueprint_reconciliation.out' has
 not changed.
(rerunfilecheck)             Checksum: 656FDBE34E6263AF5B04154B0E2D84B0;4466.
 ) 
Here is how much of TeX's memory you used:
 12950 strings out of 467871
 208335 string characters out of 5414953
 686607 words of memory out of 5000000
 41432 multiletter control sequences out of 15000+600000
 675887 words of font info for 155 fonts, out of 8000000 for 9000
 1141 hyphenation exceptions out of 8191
 69i,11n,79p,1226b,603s stack positions out of 10000i,1000n,20000p,200000b,200000s
<C:/Users/Zain Ul Ibad/AppData/Local/Programs/MiKTeX/fonts/type1/public/lm/lm
bx10.pfb><C:/Users/Zain Ul Ibad/AppData/Local/Programs/MiKTeX/fonts/type1/publi
c/lm/lmbx12.pfb><C:/Users/Zain Ul Ibad/AppData/Local/Programs/MiKTeX/fonts/type
1/public/lm/lmr10.pfb><C:/Users/Zain Ul Ibad/AppData/Local/Programs/MiKTeX/font
s/type1/public/lm/lmsy10.pfb><C:/Users/Zain Ul Ibad/AppData/Local/Programs/MiKT
eX/fonts/type1/public/lm/lmtt10.pfb>
Output written on madad_plus_blueprint_reconciliation.pdf (14 pages, 197271 byt
es).
PDF statistics:
 239 PDF objects out of 1000 (max. 8388607)
 74 named destinations out of 1000 (max. 500000)
 27825 words of extra memory for PDF output out of 29859 (max. 10000000)

